// Jest Snapshot v1, https://goo.gl/fbAQLP

exports[`Schedule should render 1`] = `
<div>
  no results
</div>
`;
