// Jest Snapshot v1, https://goo.gl/fbAQLP

exports[`Field should render 1`] = `
<TextField
  onChange={[Function]}
  required={false}
  select={false}
  value="taco"
/>
`;
