// Jest Snapshot v1, https://goo.gl/fbAQLP

exports[`user actions logInUser successful login 1`] = `
Array [
  Object {
    "token": "token here",
    "type": "users/LOG_IN",
  },
]
`;
