// Jest Snapshot v1, https://goo.gl/fbAQLP

exports[`characters reducer should add characters 1`] = `
Object {
  "1": Object {
    "id": 1,
  },
}
`;
